dance-connect/src/app/api/events/[id]/route.ts(65,9): error TS18047: 'event.group' is possibly 'null'.
dance-connect/src/app/api/events/[id]/route.ts(71,13): error TS2322: Type 'string | null' is not assignable to type 'string'.
  Type 'null' is not assignable to type 'string'.
dance-connect/src/app/api/events/[id]/route.ts(142,9): error TS18047: 'event.group' is possibly 'null'.
dance-connect/src/app/api/participations/[id]/route.ts(46,21): error TS18047: 'eventGroup' is possibly 'null'.
dance-connect/src/app/api/participations/[id]/route.ts(53,20): error TS18047: 'eventGroup' is possibly 'null'.
dance-connect/src/app/api/participations/[id]/route.ts(119,25): error TS18047: 'eventGroup' is possibly 'null'.
dance-connect/src/app/api/participations/[id]/route.ts(121,68): error TS18047: 'eventGroup' is possibly 'null'.
dance-connect/src/app/groups/[id]/events/[eventId]/edit/page.tsx(41,7): error TS18047: 'event.group' is possibly 'null'.
dance-connect/src/lib/auth.ts(8,26): error TS2345: Argument of type 'import("/Users/michael/Nextcloud/Programmerierung/Tanzgruppe/dance-connect/src/generated/client/index").PrismaClient<import("/Users/michael/Nextcloud/Programmerierung/Tanzgruppe/dance-connect/src/generated/client/index").Prisma.PrismaClientOptions, never, import("/Users/michael/Nextcloud/Programmerierung/Tanzgruppe/...' is not assignable to parameter of type 'import("/Users/michael/Nextcloud/Programmerierung/Tanzgruppe/dance-connect/node_modules/.prisma/client/index").PrismaClient<import("/Users/michael/Nextcloud/Programmerierung/Tanzgruppe/dance-connect/node_modules/.prisma/client/index").Prisma.PrismaClientOptions, never, import("/Users/michael/Nextcloud/Programmerieru...'.
  Types of property '$use' are incompatible.
    Type '(cb: import("/Users/michael/Nextcloud/Programmerierung/Tanzgruppe/dance-connect/src/generated/client/index").Prisma.Middleware<any>) => void' is not assignable to type '(cb: import("/Users/michael/Nextcloud/Programmerierung/Tanzgruppe/dance-connect/node_modules/.prisma/client/index").Prisma.Middleware<any>) => void'.
      Types of parameters 'cb' and 'cb' are incompatible.
        Types of parameters 'params' and 'params' are incompatible.
          Type 'import("/Users/michael/Nextcloud/Programmerierung/Tanzgruppe/dance-connect/src/generated/client/index").Prisma.MiddlewareParams' is not assignable to type 'import("/Users/michael/Nextcloud/Programmerierung/Tanzgruppe/dance-connect/node_modules/.prisma/client/index").Prisma.MiddlewareParams'.
            Types of property 'model' are incompatible.
              Type 'import("/Users/michael/Nextcloud/Programmerierung/Tanzgruppe/dance-connect/src/generated/client/index").Prisma.ModelName | undefined' is not assignable to type 'import("/Users/michael/Nextcloud/Programmerierung/Tanzgruppe/dance-connect/node_modules/.prisma/client/index").Prisma.ModelName | undefined'.
                Type '"Post"' is not assignable to type 'ModelName | undefined'.
dance-connect/src/lib/prisma.ts(8,7): error TS2403: Subsequent variable declarations must have the same type.  Variable 'prisma' must be of type 'PrismaClient<PrismaClientOptions, never, DefaultArgs> | undefined', but here has type 'PrismaClient<PrismaClientOptions, never, DefaultArgs> | undefined'.
dance-connect/src/lib/prisma.ts(16,44): error TS2322: Type 'PrismaClient<...> | PrismaClient<...>' is not assignable to type 'PrismaClient<PrismaClientOptions, never, DefaultArgs> | undefined'.
  Type 'import("/Users/michael/Nextcloud/Programmerierung/Tanzgruppe/dance-connect/dance-connect/src/generated/client/index").PrismaClient<import("/Users/michael/Nextcloud/Programmerierung/Tanzgruppe/dance-connect/dance-connect/src/generated/client/index").Prisma.PrismaClientOptions, never, import("/Users/michael/Nextcloud/...' is not assignable to type 'import("/Users/michael/Nextcloud/Programmerierung/Tanzgruppe/dance-connect/src/generated/client/index").PrismaClient<import("/Users/michael/Nextcloud/Programmerierung/Tanzgruppe/dance-connect/src/generated/client/index").Prisma.PrismaClientOptions, never, import("/Users/michael/Nextcloud/Programmerierung/Tanzgruppe/...'.
    Types of property '$transaction' are incompatible.
      Type '{ <P extends Prisma.PrismaPromise<any>[]>(arg: [...P], options?: { isolationLevel?: "Serializable" | undefined; } | undefined): Promise<import("/Users/michael/Nextcloud/Programmerierung/Tanzgruppe/dance-connect/dance-connect/src/generated/client/runtime/library").UnwrapTuple<P>>; <R>(fn: (prisma: Omit<...>) => Promi...' is not assignable to type '{ <P extends Prisma.PrismaPromise<any>[]>(arg: [...P], options?: { isolationLevel?: "Serializable" | undefined; } | undefined): Promise<import("/Users/michael/Nextcloud/Programmerierung/Tanzgruppe/dance-connect/src/generated/client/runtime/library").UnwrapTuple<P>>; <R>(fn: (prisma: Omit<...>) => Promise<...>, optio...'.
        Types of parameters 'arg' and 'fn' are incompatible.
          Type '(prisma: Omit<PrismaClient<PrismaClientOptions, never, DefaultArgs>, "$connect" | "$disconnect" | "$on" | "$transaction" | "$use" | "$extends">) => Promise<...>' is not assignable to type 'any[]'.
